14:57:49 **** Incremental Build of configuration Debug for project tx ****
make -j11 all 
arm-none-eabi-gcc "../Core/Src/main.c" -mcpu=cortex-m4 -std=gnu11 -g3 -DDEBUG -DUSE_HAL_DRIVER -DSTM32L432xx -c -I../Core/Inc -I../Drivers/STM32L4xx_HAL_Driver/Inc -I../Drivers/STM32L4xx_HAL_Driver/Inc/Legacy -I../Drivers/CMSIS/Device/ST/STM32L4xx/Include -I../Drivers/CMSIS/Include -O0 -ffunction-sections -fdata-sections -Wall -fstack-usage -fcyclomatic-complexity -MMD -MP -MF"Core/Src/main.d" -MT"Core/Src/main.o" --specs=nano.specs -mfpu=fpv4-sp-d16 -mfloat-abi=hard -mthumb -o "Core/Src/main.o"
arm-none-eabi-gcc -o "tx.elf" @"objects.list"   -mcpu=cortex-m4 -T"/Users/erik/Desktop/STM32L432KC-SPI-DMA/tx/STM32L432KCUX_FLASH.ld" --specs=nosys.specs -Wl,-Map="tx.map" -Wl,--gc-sections -static --specs=nano.specs -mfpu=fpv4-sp-d16 -mfloat-abi=hard -mthumb -Wl,--start-group -lc -lm -Wl,--end-group
Finished building target: tx.elf
 
arm-none-eabi-size  tx.elf 
arm-none-eabi-objdump -h -S tx.elf  > "tx.list"
   text	   data	    bss	    dec	    hex	filename
   8404	     28	   1668	  10100	   2774	tx.elf
Finished building: default.size.stdout
 
Finished building: tx.list
 

14:57:50 Build Finished. 0 errors, 0 warnings. (took 466ms)

